// Jest Snapshot v1, https://goo.gl/fbAQLP

exports[`Mission Image does not render anything 1`] = `<div />`;

exports[`Mission Image renders first image of flickr_images properly 1`] = `
<div>
  <div
    class="image"
  >
    <span
      style="box-sizing: border-box; display: block; overflow: hidden; background: none; opacity: 1; border: 0px; margin: 0px; padding: 0px; position: relative;"
    >
      <span
        style="box-sizing: border-box; display: block; background: none; opacity: 1; border: 0px; margin: 0px; padding: 100% 0px 0px 0px;"
      />
      <img
        alt="Image relative to the mission"
        data-nimg="responsive"
        decoding="async"
        sizes="100vw"
        src="/_next/image?url=https%3A%2F%2Flive.staticflickr.com%2F65535%2F50630802488_8cc373728e_o.jpg&w=3840&q=75"
        srcset="/_next/image?url=https%3A%2F%2Flive.staticflickr.com%2F65535%2F50630802488_8cc373728e_o.jpg&w=640&q=75 640w, /_next/image?url=https%3A%2F%2Flive.staticflickr.com%2F65535%2F50630802488_8cc373728e_o.jpg&w=750&q=75 750w, /_next/image?url=https%3A%2F%2Flive.staticflickr.com%2F65535%2F50630802488_8cc373728e_o.jpg&w=828&q=75 828w, /_next/image?url=https%3A%2F%2Flive.staticflickr.com%2F65535%2F50630802488_8cc373728e_o.jpg&w=1080&q=75 1080w, /_next/image?url=https%3A%2F%2Flive.staticflickr.com%2F65535%2F50630802488_8cc373728e_o.jpg&w=1200&q=75 1200w, /_next/image?url=https%3A%2F%2Flive.staticflickr.com%2F65535%2F50630802488_8cc373728e_o.jpg&w=1920&q=75 1920w, /_next/image?url=https%3A%2F%2Flive.staticflickr.com%2F65535%2F50630802488_8cc373728e_o.jpg&w=2048&q=75 2048w, /_next/image?url=https%3A%2F%2Flive.staticflickr.com%2F65535%2F50630802488_8cc373728e_o.jpg&w=3840&q=75 3840w"
        style="position: absolute; top: 0px; left: 0px; bottom: 0px; right: 0px; box-sizing: border-box; padding: 0px; margin: auto; display: block; width: 0px; height: 0px; min-width: 100%; max-width: 100%; min-height: 100%; max-height: 100%;"
      />
    </span>
  </div>
</div>
`;

exports[`Mission Image renders mission patch properly 1`] = `
<div>
  <div
    class="image"
  >
    <span
      style="box-sizing: border-box; display: block; overflow: hidden; background: none; opacity: 1; border: 0px; margin: 0px; padding: 0px; position: relative;"
    >
      <span
        style="box-sizing: border-box; display: block; background: none; opacity: 1; border: 0px; margin: 0px; padding: 100% 0px 0px 0px;"
      />
      <img
        alt="Image relative to the mission"
        data-nimg="responsive"
        decoding="async"
        sizes="100vw"
        src="/_next/image?url=https%3A%2F%2Flive.staticflickr.com%2F65535%2F50630802488_8cc373728e_o.jpg&w=3840&q=75"
        srcset="/_next/image?url=https%3A%2F%2Flive.staticflickr.com%2F65535%2F50630802488_8cc373728e_o.jpg&w=640&q=75 640w, /_next/image?url=https%3A%2F%2Flive.staticflickr.com%2F65535%2F50630802488_8cc373728e_o.jpg&w=750&q=75 750w, /_next/image?url=https%3A%2F%2Flive.staticflickr.com%2F65535%2F50630802488_8cc373728e_o.jpg&w=828&q=75 828w, /_next/image?url=https%3A%2F%2Flive.staticflickr.com%2F65535%2F50630802488_8cc373728e_o.jpg&w=1080&q=75 1080w, /_next/image?url=https%3A%2F%2Flive.staticflickr.com%2F65535%2F50630802488_8cc373728e_o.jpg&w=1200&q=75 1200w, /_next/image?url=https%3A%2F%2Flive.staticflickr.com%2F65535%2F50630802488_8cc373728e_o.jpg&w=1920&q=75 1920w, /_next/image?url=https%3A%2F%2Flive.staticflickr.com%2F65535%2F50630802488_8cc373728e_o.jpg&w=2048&q=75 2048w, /_next/image?url=https%3A%2F%2Flive.staticflickr.com%2F65535%2F50630802488_8cc373728e_o.jpg&w=3840&q=75 3840w"
        style="position: absolute; top: 0px; left: 0px; bottom: 0px; right: 0px; box-sizing: border-box; padding: 0px; margin: auto; display: block; width: 0px; height: 0px; min-width: 100%; max-width: 100%; min-height: 100%; max-height: 100%;"
      />
    </span>
  </div>
</div>
`;
